// Jest Snapshot v1, https://goo.gl/fbAQLP

exports[`<SignInForm /> tests matches the snapshot 1`] = `
<h1>
  SignInForm
</h1>
`;
