// Jest Snapshot v1, https://goo.gl/fbAQLP

exports[`<NotFound /> tests matches the snapshot 1`] = `
<h1>
  Page Not Found
</h1>
`;
