// Jest Snapshot v1, https://goo.gl/fbAQLP

exports[`<SignUpForm /> tests matches the snapshot 1`] = `
<h1>
   SignUp Form
</h1>
`;
