// Jest Snapshot v1, https://goo.gl/fbAQLP

exports[`<UserProfile /> tests matches the snapshot 1`] = `
<h1>
  User Profile 
</h1>
`;
